Running Gradle task 'assembleRelease'...                           38.8s
ΓêÜ Built build\app\outputs\flutter-apk\app-release.apk (69.5MB)
